// Jest Snapshot v1, https://goo.gl/fbAQLP

exports[`QuizBuilder Component should match snapshot 1`] = `
<div
  style="padding: 24px;"
>
  <div
    style="display: flex; justify-content: space-between; align-items: center; margin-bottom: 24px;"
  >
    <h2>
      <span />
    </h2>
    <div
      class="ant-space css-dev-only-do-not-override-1vjf2v5 ant-space-horizontal ant-space-align-center ant-space-gap-row-small ant-space-gap-col-small"
    >
      <div
        class="ant-space-item"
      >
        <button
          class="ant-btn css-dev-only-do-not-override-1vjf2v5 ant-btn-default ant-btn-color-default ant-btn-variant-outlined"
          type="button"
        >
          <span />
        </button>
      </div>
      <div
        class="ant-space-item"
      >
        <button
          class="ant-btn css-dev-only-do-not-override-1vjf2v5 ant-btn-primary ant-btn-color-primary ant-btn-variant-solid"
          type="button"
        >
          <span
            class="ant-btn-icon"
          >
            <span
              aria-label="save"
              class="anticon anticon-save"
              role="img"
            >
              <svg
                aria-hidden="true"
                data-icon="save"
                fill="currentColor"
                focusable="false"
                height="1em"
                viewBox="64 64 896 896"
                width="1em"
              >
                <path
                  d="M893.3 293.3L730.7 130.7c-7.5-7.5-16.7-13-26.7-16V112H144c-17.7 0-32 14.3-32 32v736c0 17.7 14.3 32 32 32h736c17.7 0 32-14.3 32-32V338.5c0-17-6.7-33.2-18.7-45.2zM384 184h256v104H384V184zm456 656H184V184h136v136c0 17.7 14.3 32 32 32h320c17.7 0 32-14.3 32-32V205.8l136 136V840zM512 442c-79.5 0-144 64.5-144 144s64.5 144 144 144 144-64.5 144-144-64.5-144-144-144zm0 224c-44.2 0-80-35.8-80-80s35.8-80 80-80 80 35.8 80 80-35.8 80-80 80z"
                />
              </svg>
            </span>
          </span>
          <span />
        </button>
      </div>
    </div>
  </div>
  <div
    class="ant-tabs ant-tabs-top css-dev-only-do-not-override-1vjf2v5"
  >
    <div
      aria-orientation="horizontal"
      class="ant-tabs-nav"
      role="tablist"
    >
      <div
        class="ant-tabs-nav-wrap"
      >
        <div
          class="ant-tabs-nav-list"
          style="transform: translate(0px, 0px);"
        >
          <div
            class="ant-tabs-tab ant-tabs-tab-active"
            data-node-key="basic"
          >
            <div
              aria-controls="rc-tabs-test-panel-basic"
              aria-selected="true"
              class="ant-tabs-tab-btn"
              id="rc-tabs-test-tab-basic"
              role="tab"
              tabindex="0"
            >
              Basic Information
            </div>
          </div>
          <div
            class="ant-tabs-tab"
            data-node-key="questions"
          >
            <div
              aria-controls="rc-tabs-test-panel-questions"
              aria-selected="false"
              class="ant-tabs-tab-btn"
              id="rc-tabs-test-tab-questions"
              role="tab"
              tabindex="-1"
            >
              Questions (0)
            </div>
          </div>
          <div
            class="ant-tabs-ink-bar ant-tabs-ink-bar-animated"
          />
        </div>
      </div>
      <div
        class="ant-tabs-nav-operations ant-tabs-nav-operations-hidden"
      >
        <button
          aria-controls="rc-tabs-test-more-popup"
          aria-expanded="false"
          aria-haspopup="listbox"
          class="ant-tabs-nav-more"
          id="rc-tabs-test-more"
          style="visibility: hidden; order: 1;"
          type="button"
        >
          <span
            aria-label="ellipsis"
            class="anticon anticon-ellipsis"
            role="img"
          >
            <svg
              aria-hidden="true"
              data-icon="ellipsis"
              fill="currentColor"
              focusable="false"
              height="1em"
              viewBox="64 64 896 896"
              width="1em"
            >
              <path
                d="M176 511a56 56 0 10112 0 56 56 0 10-112 0zm280 0a56 56 0 10112 0 56 56 0 10-112 0zm280 0a56 56 0 10112 0 56 56 0 10-112 0z"
              />
            </svg>
          </span>
        </button>
      </div>
    </div>
    <div
      class="ant-tabs-content-holder"
    >
      <div
        class="ant-tabs-content ant-tabs-content-top"
      >
        <div
          aria-hidden="false"
          aria-labelledby="rc-tabs-test-tab-basic"
          class="ant-tabs-tabpane ant-tabs-tabpane-active"
          id="rc-tabs-test-panel-basic"
          role="tabpanel"
          tabindex="0"
        >
          <div
            class="ant-card ant-card-bordered css-dev-only-do-not-override-1vjf2v5"
          >
            <div
              class="ant-card-body"
            >
              <form
                class="ant-form ant-form-vertical css-dev-only-do-not-override-1vjf2v5"
              >
                <div
                  class="ant-row css-dev-only-do-not-override-1vjf2v5"
                  style="margin-left: -8px; margin-right: -8px;"
                >
                  <div
                    class="ant-col ant-col-12 css-dev-only-do-not-override-1vjf2v5"
                    style="padding-left: 8px; padding-right: 8px;"
                  >
                    <div
                      class="ant-form-item css-dev-only-do-not-override-1vjf2v5"
                    >
                      <div
                        class="ant-row ant-form-item-row css-dev-only-do-not-override-1vjf2v5"
                      >
                        <div
                          class="ant-col ant-form-item-label css-dev-only-do-not-override-1vjf2v5"
                        >
                          <label
                            class="ant-form-item-required"
                            for="title"
                            title=""
                          >
                            <span />
                          </label>
                        </div>
                        <div
                          class="ant-col ant-form-item-control css-dev-only-do-not-override-1vjf2v5"
                        >
                          <div
                            class="ant-form-item-control-input"
                          >
                            <div
                              class="ant-form-item-control-input-content"
                            >
                              <input
                                aria-required="true"
                                class="ant-input css-dev-only-do-not-override-1vjf2v5 ant-input-outlined"
                                id="title"
                                placeholder="Enter quiz title"
                                type="text"
                                value=""
                              />
                            </div>
                          </div>
                        </div>
                      </div>
                    </div>
                  </div>
                  <div
                    class="ant-col ant-col-12 css-dev-only-do-not-override-1vjf2v5"
                    style="padding-left: 8px; padding-right: 8px;"
                  >
                    <div
                      class="ant-form-item css-dev-only-do-not-override-1vjf2v5"
                    >
                      <div
                        class="ant-row ant-form-item-row css-dev-only-do-not-override-1vjf2v5"
                      >
                        <div
                          class="ant-col ant-form-item-label css-dev-only-do-not-override-1vjf2v5"
                        >
                          <label
                            class="ant-form-item-required"
                            for="quizType"
                            title=""
                          >
                            <span />
                          </label>
                        </div>
                        <div
                          class="ant-col ant-form-item-control css-dev-only-do-not-override-1vjf2v5"
                        >
                          <div
                            class="ant-form-item-control-input"
                          >
                            <div
                              class="ant-form-item-control-input-content"
                            >
                              <div
                                aria-required="true"
                                class="ant-select ant-select-outlined ant-select-in-form-item css-dev-only-do-not-override-1vjf2v5 ant-select-single ant-select-show-arrow"
                              >
                                <div
                                  class="ant-select-selector"
                                >
                                  <span
                                    class="ant-select-selection-wrap"
                                  >
                                    <span
                                      class="ant-select-selection-search"
                                    >
                                      <input
                                        aria-autocomplete="list"
                                        aria-controls="quizType_list"
                                        aria-expanded="false"
                                        aria-haspopup="listbox"
                                        aria-owns="quizType_list"
                                        aria-required="true"
                                        autocomplete="off"
                                        class="ant-select-selection-search-input"
                                        id="quizType"
                                        readonly=""
                                        role="combobox"
                                        style="opacity: 0;"
                                        type="search"
                                        unselectable="on"
                                        value=""
                                      />
                                    </span>
                                    <span
                                      class="ant-select-selection-item"
                                      title="Lesson Quiz"
                                    >
                                      Lesson Quiz
                                    </span>
                                  </span>
                                </div>
                                <span
                                  aria-hidden="true"
                                  class="ant-select-arrow"
                                  style="user-select: none;"
                                  unselectable="on"
                                >
                                  <span
                                    aria-label="down"
                                    class="anticon anticon-down ant-select-suffix"
                                    role="img"
                                  >
                                    <svg
                                      aria-hidden="true"
                                      data-icon="down"
                                      fill="currentColor"
                                      focusable="false"
                                      height="1em"
                                      viewBox="64 64 896 896"
                                      width="1em"
                                    >
                                      <path
                                        d="M884 256h-75c-5.1 0-9.9 2.5-12.9 6.6L512 654.2 227.9 262.6c-3-4.1-7.8-6.6-12.9-6.6h-75c-6.5 0-10.3 7.4-6.5 12.7l352.6 486.1c12.8 17.6 39 17.6 51.7 0l352.6-486.1c3.9-5.3.1-12.7-6.4-12.7z"
                                      />
                                    </svg>
                                  </span>
                                </span>
                              </div>
                            </div>
                          </div>
                        </div>
                      </div>
                    </div>
                  </div>
                </div>
                <div
                  class="ant-form-item css-dev-only-do-not-override-1vjf2v5"
                >
                  <div
                    class="ant-row ant-form-item-row css-dev-only-do-not-override-1vjf2v5"
                  >
                    <div
                      class="ant-col ant-form-item-label css-dev-only-do-not-override-1vjf2v5"
                    >
                      <label
                        class=""
                        for="description"
                        title=""
                      >
                        <span />
                      </label>
                    </div>
                    <div
                      class="ant-col ant-form-item-control css-dev-only-do-not-override-1vjf2v5"
                    >
                      <div
                        class="ant-form-item-control-input"
                      >
                        <div
                          class="ant-form-item-control-input-content"
                        >
                          <textarea
                            class="ant-input css-dev-only-do-not-override-1vjf2v5 ant-input-outlined"
                            id="description"
                            placeholder="Enter quiz description"
                            rows="3"
                          />
                        </div>
                      </div>
                    </div>
                  </div>
                </div>
                <div
                  class="ant-row css-dev-only-do-not-override-1vjf2v5"
                  style="margin-left: -8px; margin-right: -8px;"
                >
                  <div
                    class="ant-col ant-col-8 css-dev-only-do-not-override-1vjf2v5"
                    style="padding-left: 8px; padding-right: 8px;"
                  >
                    <div
                      class="ant-form-item css-dev-only-do-not-override-1vjf2v5"
                    >
                      <div
                        class="ant-row ant-form-item-row css-dev-only-do-not-override-1vjf2v5"
                      >
                        <div
                          class="ant-col ant-form-item-label css-dev-only-do-not-override-1vjf2v5"
                        >
                          <label
                            class=""
                            for="timeLimitMinutes"
                            title=""
                          >
                            <span />
                          </label>
                        </div>
                        <div
                          class="ant-col ant-form-item-control css-dev-only-do-not-override-1vjf2v5"
                        >
                          <div
                            class="ant-form-item-control-input"
                          >
                            <div
                              class="ant-form-item-control-input-content"
                            >
                              <div
                                class="ant-input-number ant-input-number-in-form-item css-dev-only-do-not-override-1vjf2v5 ant-input-number-outlined"
                                style="width: 100%;"
                              >
                                <div
                                  class="ant-input-number-handler-wrap"
                                >
                                  <span
                                    aria-disabled="false"
                                    aria-label="Increase Value"
                                    class="ant-input-number-handler ant-input-number-handler-up"
                                    role="button"
                                    unselectable="on"
                                  >
                                    <span
                                      aria-label="up"
                                      class="anticon anticon-up ant-input-number-handler-up-inner"
                                      role="img"
                                    >
                                      <svg
                                        aria-hidden="true"
                                        data-icon="up"
                                        fill="currentColor"
                                        focusable="false"
                                        height="1em"
                                        viewBox="64 64 896 896"
                                        width="1em"
                                      >
                                        <path
                                          d="M890.5 755.3L537.9 269.2c-12.8-17.6-39-17.6-51.7 0L133.5 755.3A8 8 0 00140 768h75c5.1 0 9.9-2.5 12.9-6.6L512 369.8l284.1 391.6c3 4.1 7.8 6.6 12.9 6.6h75c6.5 0 10.3-7.4 6.5-12.7z"
                                        />
                                      </svg>
                                    </span>
                                  </span>
                                  <span
                                    aria-disabled="false"
                                    aria-label="Decrease Value"
                                    class="ant-input-number-handler ant-input-number-handler-down"
                                    role="button"
                                    unselectable="on"
                                  >
                                    <span
                                      aria-label="down"
                                      class="anticon anticon-down ant-input-number-handler-down-inner"
                                      role="img"
                                    >
                                      <svg
                                        aria-hidden="true"
                                        data-icon="down"
                                        fill="currentColor"
                                        focusable="false"
                                        height="1em"
                                        viewBox="64 64 896 896"
                                        width="1em"
                                      >
                                        <path
                                          d="M884 256h-75c-5.1 0-9.9 2.5-12.9 6.6L512 654.2 227.9 262.6c-3-4.1-7.8-6.6-12.9-6.6h-75c-6.5 0-10.3 7.4-6.5 12.7l352.6 486.1c12.8 17.6 39 17.6 51.7 0l352.6-486.1c3.9-5.3.1-12.7-6.4-12.7z"
                                        />
                                      </svg>
                                    </span>
                                  </span>
                                </div>
                                <div
                                  class="ant-input-number-input-wrap"
                                >
                                  <input
                                    aria-valuemax="300"
                                    aria-valuemin="1"
                                    autocomplete="off"
                                    class="ant-input-number-input"
                                    id="timeLimitMinutes"
                                    placeholder="No limit"
                                    role="spinbutton"
                                    step="1"
                                    value=""
                                  />
                                </div>
                              </div>
                            </div>
                          </div>
                        </div>
                      </div>
                    </div>
                  </div>
                  <div
                    class="ant-col ant-col-8 css-dev-only-do-not-override-1vjf2v5"
                    style="padding-left: 8px; padding-right: 8px;"
                  >
                    <div
                      class="ant-form-item css-dev-only-do-not-override-1vjf2v5"
                    >
                      <div
                        class="ant-row ant-form-item-row css-dev-only-do-not-override-1vjf2v5"
                      >
                        <div
                          class="ant-col ant-form-item-label css-dev-only-do-not-override-1vjf2v5"
                        >
                          <label
                            class=""
                            for="isTest"
                            title=""
                          >
                            <span />
                          </label>
                        </div>
                        <div
                          class="ant-col ant-form-item-control css-dev-only-do-not-override-1vjf2v5"
                        >
                          <div
                            class="ant-form-item-control-input"
                          >
                            <div
                              class="ant-form-item-control-input-content"
                            >
                              <button
                                aria-checked="false"
                                class="ant-switch css-dev-only-do-not-override-1vjf2v5"
                                id="isTest"
                                role="switch"
                                type="button"
                              >
                                <div
                                  class="ant-switch-handle"
                                />
                                <span
                                  class="ant-switch-inner"
                                >
                                  <span
                                    class="ant-switch-inner-checked"
                                  />
                                  <span
                                    class="ant-switch-inner-unchecked"
                                  />
                                </span>
                              </button>
                            </div>
                          </div>
                        </div>
                      </div>
                    </div>
                  </div>
                  <div
                    class="ant-col ant-col-8 css-dev-only-do-not-override-1vjf2v5"
                    style="padding-left: 8px; padding-right: 8px;"
                  >
                    <div
                      class="ant-form-item css-dev-only-do-not-override-1vjf2v5"
                    >
                      <div
                        class="ant-row ant-form-item-row css-dev-only-do-not-override-1vjf2v5"
                      >
                        <div
                          class="ant-col ant-form-item-label css-dev-only-do-not-override-1vjf2v5"
                        >
                          <label
                            class=""
                            for="isPractice"
                            title=""
                          >
                            <span />
                          </label>
                        </div>
                        <div
                          class="ant-col ant-form-item-control css-dev-only-do-not-override-1vjf2v5"
                        >
                          <div
                            class="ant-form-item-control-input"
                          >
                            <div
                              class="ant-form-item-control-input-content"
                            >
                              <button
                                aria-checked="true"
                                class="ant-switch css-dev-only-do-not-override-1vjf2v5 ant-switch-checked"
                                id="isPractice"
                                role="switch"
                                type="button"
                              >
                                <div
                                  class="ant-switch-handle"
                                />
                                <span
                                  class="ant-switch-inner"
                                >
                                  <span
                                    class="ant-switch-inner-checked"
                                  />
                                  <span
                                    class="ant-switch-inner-unchecked"
                                  />
                                </span>
                              </button>
                            </div>
                          </div>
                        </div>
                      </div>
                    </div>
                  </div>
                </div>
              </form>
            </div>
          </div>
        </div>
      </div>
    </div>
  </div>
</div>
`;
